2025-03-15 13:50:00 - ERROR: Invalid input received
2025-03-15 14:15:30 - ERROR: Memory limit exceeded
2025-03-15 14:30:00 - ERROR: Disk full
2025-03-15 15:10:22 - ERROR: Connection timeout
